// Jest Snapshot v1, https://goo.gl/fbAQLP

exports[`Test the JoinTheBlog component The JoinTheBlog component renders correctly 1`] = `
{
  "asFragment": [Function],
  "baseElement": <body>
    <div>
      <div
        class="form_wrapper"
      >
        <form
          action="#"
          class="form_container"
        >
          <h1
            class="title"
          >
            Join the blog!
          </h1>
          <div
            class="input_container"
          >
            <input
              autocomplete="off"
              class="input_field"
              name="name"
              placeholder="your name"
              type="text"
              value=""
            />
            <input
              autocomplete="off"
              class="input_field"
              name="email"
              placeholder="enter your email"
              type="email"
              value=""
            />
          </div>
          <button
            class="submit_btn"
            type="submit"
          >
            Submit
          </button>
        </form>
      </div>
    </div>
  </body>,
  "container": <div>
    <div
      class="form_wrapper"
    >
      <form
        action="#"
        class="form_container"
      >
        <h1
          class="title"
        >
          Join the blog!
        </h1>
        <div
          class="input_container"
        >
          <input
            autocomplete="off"
            class="input_field"
            name="name"
            placeholder="your name"
            type="text"
            value=""
          />
          <input
            autocomplete="off"
            class="input_field"
            name="email"
            placeholder="enter your email"
            type="email"
            value=""
          />
        </div>
        <button
          class="submit_btn"
          type="submit"
        >
          Submit
        </button>
      </form>
    </div>
  </div>,
  "debug": [Function],
  "findAllByAltText": [Function],
  "findAllByDisplayValue": [Function],
  "findAllByLabelText": [Function],
  "findAllByPlaceholderText": [Function],
  "findAllByRole": [Function],
  "findAllByTestId": [Function],
  "findAllByText": [Function],
  "findAllByTitle": [Function],
  "findByAltText": [Function],
  "findByDisplayValue": [Function],
  "findByLabelText": [Function],
  "findByPlaceholderText": [Function],
  "findByRole": [Function],
  "findByTestId": [Function],
  "findByText": [Function],
  "findByTitle": [Function],
  "getAllByAltText": [Function],
  "getAllByDisplayValue": [Function],
  "getAllByLabelText": [Function],
  "getAllByPlaceholderText": [Function],
  "getAllByRole": [Function],
  "getAllByTestId": [Function],
  "getAllByText": [Function],
  "getAllByTitle": [Function],
  "getByAltText": [Function],
  "getByDisplayValue": [Function],
  "getByLabelText": [Function],
  "getByPlaceholderText": [Function],
  "getByRole": [Function],
  "getByTestId": [Function],
  "getByText": [Function],
  "getByTitle": [Function],
  "queryAllByAltText": [Function],
  "queryAllByDisplayValue": [Function],
  "queryAllByLabelText": [Function],
  "queryAllByPlaceholderText": [Function],
  "queryAllByRole": [Function],
  "queryAllByTestId": [Function],
  "queryAllByText": [Function],
  "queryAllByTitle": [Function],
  "queryByAltText": [Function],
  "queryByDisplayValue": [Function],
  "queryByLabelText": [Function],
  "queryByPlaceholderText": [Function],
  "queryByRole": [Function],
  "queryByTestId": [Function],
  "queryByText": [Function],
  "queryByTitle": [Function],
  "rerender": [Function],
  "unmount": [Function],
}
`;
