// Jest Snapshot v1, https://goo.gl/fbAQLP

exports[`Test the PostItem component The PostItem component renders correctly 1`] = `
{
  "asFragment": [Function],
  "baseElement": <body>
    <div>
      <a
        class="post_container"
        href="/post/some-title-example-3"
        rel="preload"
      >
        <img
          alt="styles_img"
          data-nimg="1"
          decoding="async"
          fetchpriority="high"
          height="400"
          src="/_next/image?url=%2Fimg.jpg&w=750&q=75"
          srcset="/_next/image?url=%2Fimg.jpg&w=384&q=75 1x, /_next/image?url=%2Fimg.jpg&w=750&q=75 2x"
          style="color: transparent; object-fit: cover;"
          width="350"
        />
        <div
          class="post_small_description"
        >
          <div
            class="title"
          >
            Some title example 3
          </div>
          <div
            class="date"
          >
            16 October 2022
          </div>
        </div>
      </a>
      <a
        class="post_container"
        href="/post/some-title-example-3"
        rel="preload"
      >
        <img
          alt="travel_img"
          data-nimg="1"
          decoding="async"
          fetchpriority="high"
          height="400"
          src="/_next/image?url=%2Fimg.jpg&w=750&q=75"
          srcset="/_next/image?url=%2Fimg.jpg&w=384&q=75 1x, /_next/image?url=%2Fimg.jpg&w=750&q=75 2x"
          style="color: transparent; object-fit: cover;"
          width="350"
        />
        <div
          class="post_small_description"
        >
          <div
            class="title"
          >
            Some title example 3
          </div>
          <div
            class="date"
          >
            16 October 2022
          </div>
        </div>
      </a>
      <a
        class="post_container"
        href="/post/some-title-example-3"
        rel="preload"
      >
        <img
          alt="styles_img"
          data-nimg="1"
          decoding="async"
          fetchpriority="high"
          height="400"
          src="/_next/image?url=%2Fimg.jpg&w=750&q=75"
          srcset="/_next/image?url=%2Fimg.jpg&w=384&q=75 1x, /_next/image?url=%2Fimg.jpg&w=750&q=75 2x"
          style="color: transparent; object-fit: cover;"
          width="350"
        />
        <div
          class="post_small_description"
        >
          <div
            class="title"
          >
            Some title example 3
          </div>
          <div
            class="date"
          >
            16 October 2022
          </div>
        </div>
      </a>
    </div>
  </body>,
  "container": <div>
    <a
      class="post_container"
      href="/post/some-title-example-3"
      rel="preload"
    >
      <img
        alt="styles_img"
        data-nimg="1"
        decoding="async"
        fetchpriority="high"
        height="400"
        src="/_next/image?url=%2Fimg.jpg&w=750&q=75"
        srcset="/_next/image?url=%2Fimg.jpg&w=384&q=75 1x, /_next/image?url=%2Fimg.jpg&w=750&q=75 2x"
        style="color: transparent; object-fit: cover;"
        width="350"
      />
      <div
        class="post_small_description"
      >
        <div
          class="title"
        >
          Some title example 3
        </div>
        <div
          class="date"
        >
          16 October 2022
        </div>
      </div>
    </a>
    <a
      class="post_container"
      href="/post/some-title-example-3"
      rel="preload"
    >
      <img
        alt="travel_img"
        data-nimg="1"
        decoding="async"
        fetchpriority="high"
        height="400"
        src="/_next/image?url=%2Fimg.jpg&w=750&q=75"
        srcset="/_next/image?url=%2Fimg.jpg&w=384&q=75 1x, /_next/image?url=%2Fimg.jpg&w=750&q=75 2x"
        style="color: transparent; object-fit: cover;"
        width="350"
      />
      <div
        class="post_small_description"
      >
        <div
          class="title"
        >
          Some title example 3
        </div>
        <div
          class="date"
        >
          16 October 2022
        </div>
      </div>
    </a>
    <a
      class="post_container"
      href="/post/some-title-example-3"
      rel="preload"
    >
      <img
        alt="styles_img"
        data-nimg="1"
        decoding="async"
        fetchpriority="high"
        height="400"
        src="/_next/image?url=%2Fimg.jpg&w=750&q=75"
        srcset="/_next/image?url=%2Fimg.jpg&w=384&q=75 1x, /_next/image?url=%2Fimg.jpg&w=750&q=75 2x"
        style="color: transparent; object-fit: cover;"
        width="350"
      />
      <div
        class="post_small_description"
      >
        <div
          class="title"
        >
          Some title example 3
        </div>
        <div
          class="date"
        >
          16 October 2022
        </div>
      </div>
    </a>
  </div>,
  "debug": [Function],
  "findAllByAltText": [Function],
  "findAllByDisplayValue": [Function],
  "findAllByLabelText": [Function],
  "findAllByPlaceholderText": [Function],
  "findAllByRole": [Function],
  "findAllByTestId": [Function],
  "findAllByText": [Function],
  "findAllByTitle": [Function],
  "findByAltText": [Function],
  "findByDisplayValue": [Function],
  "findByLabelText": [Function],
  "findByPlaceholderText": [Function],
  "findByRole": [Function],
  "findByTestId": [Function],
  "findByText": [Function],
  "findByTitle": [Function],
  "getAllByAltText": [Function],
  "getAllByDisplayValue": [Function],
  "getAllByLabelText": [Function],
  "getAllByPlaceholderText": [Function],
  "getAllByRole": [Function],
  "getAllByTestId": [Function],
  "getAllByText": [Function],
  "getAllByTitle": [Function],
  "getByAltText": [Function],
  "getByDisplayValue": [Function],
  "getByLabelText": [Function],
  "getByPlaceholderText": [Function],
  "getByRole": [Function],
  "getByTestId": [Function],
  "getByText": [Function],
  "getByTitle": [Function],
  "queryAllByAltText": [Function],
  "queryAllByDisplayValue": [Function],
  "queryAllByLabelText": [Function],
  "queryAllByPlaceholderText": [Function],
  "queryAllByRole": [Function],
  "queryAllByTestId": [Function],
  "queryAllByText": [Function],
  "queryAllByTitle": [Function],
  "queryByAltText": [Function],
  "queryByDisplayValue": [Function],
  "queryByLabelText": [Function],
  "queryByPlaceholderText": [Function],
  "queryByRole": [Function],
  "queryByTestId": [Function],
  "queryByText": [Function],
  "queryByTitle": [Function],
  "rerender": [Function],
  "unmount": [Function],
}
`;
